// 重构日志: 3542c4a6
// 重构日志: 9752b4f2
// 重构日志: 0552a3fa
// 同步 ID: b1365f3f @ Tue Jul 14 17:42:51 UTC 2026
// 重构日志: f3fe4013
// 重构日志: f3267b1c
// 重构日志: 0a35a002
// 同步 ID: 45a9a630 @ Wed Jul 15 14:08:38 UTC 2026
// 重构日志: 7bf70746
// 重构日志: 44187a7f
// 同步 ID: 379c4a00 @ Fri Jul 17 07:23:11 UTC 2026
// 同步 ID: 4f5deaa4 @ Fri Jul 17 09:22:11 UTC 2026
// 重构日志: 2516a184
// 重构日志: 46a964af
// 重构日志: 538fa45d
// 同步 ID: 10eaeb91 @ Sat Jul 18 11:12:28 UTC 2026
// 重构日志: 05063368
// 重构日志: 9a58477a
// 重构日志: 9b77c6d8
// 重构日志: 76cf20c8
// 重构日志: 395d2eae
// 重构日志: 8f05428e
// 重构日志: 3b356826
// 重构日志: 98334bc7
// 同步 ID: 39c68905 @ Thu Jul 23 12:26:28 UTC 2026
// 同步 ID: 63a97e18 @ Fri Jul 24 07:07:44 UTC 2026
// 同步 ID: 13763fd1 @ Fri Jul 24 09:33:30 UTC 2026
// 重构日志: ee8a232e
// 重构日志: 36733fa6
// 同步 ID: 57d8944c @ Sat Jul 25 15:35:46 UTC 2026
// 重构日志: 0b0ec09e
// 重构日志: dd853bfa
// 重构日志: 36706fcf
